<?xml version="1.0" encoding="utf-8"?><testsuites><testsuite name="pytest" errors="0" failures="0" skipped="0" tests="38" time="1.452" timestamp="2026-10-03T13:46:33.633835-03:00" hostname="5114f264b93b"><testcase classname="tests.test_core" name="test_every_label_roundtrips_and_energy_is_one[psk-2]" time="0.001" /><testcase classname="tests.test_core" name="test_every_label_roundtrips_and_energy_is_one[psk-4]" time="0.001" /><testcase classname="tests.test_core" name="test_every_label_roundtrips_and_energy_is_one[psk-8]" time="0.000" /><testcase classname="tests.test_core" name="test_every_label_roundtrips_and_energy_is_one[psk-16]" time="0.000" /><testcase classname="tests.test_core" name="test_every_label_roundtrips_and_energy_is_one[qam-4]" time="0.001" /><testcase classname="tests.test_core" name="test_every_label_roundtrips_and_energy_is_one[qam-16]" time="0.000" /><testcase classname="tests.test_core" name="test_every_label_roundtrips_and_energy_is_one[qam-64]" time="0.001" /><testcase classname="tests.test_core" name="test_every_label_roundtrips_and_energy_is_one[qam-256]" time="0.001" /><testcase classname="tests.test_core" name="test_gray_psk_neighbours_change_one_bit" time="0.000" /><testcase classname="tests.test_core" name="test_reject_invalid_bits[bad0]" time="0.000" /><testcase classname="tests.test_core" name="test_reject_invalid_bits[bad1]" time="0.000" /><testcase classname="tests.test_core" name="test_reject_invalid_bits[bad2]" time="0.000" /><testcase classname="tests.test_core" name="test_reject_invalid_bits[bad3]" time="0.000" /><testcase classname="tests.test_core" name="test_reject_invalid_bits[bad4]" time="0.000" /><testcase classname="tests.test_core" name="test_reject_invalid_constellation[qam-8]" time="0.000" /><testcase classname="tests.test_core" name="test_reject_invalid_constellation[psk-3]" time="0.000" /><testcase classname="tests.test_core" name="test_reject_invalid_constellation[fsk-4]" time="0.000" /><testcase classname="tests.test_core" name="test_reject_invalid_constellation[psk-512]" time="0.000" /><testcase classname="tests.test_core" name="test_reject_invalid_constellation[psk-True]" time="0.000" /><testcase classname="tests.test_core" name="test_coding_roundtrip[none]" time="0.000" /><testcase classname="tests.test_core" name="test_coding_roundtrip[repetition]" time="0.000" /><testcase classname="tests.test_core" name="test_coding_roundtrip[hamming]" time="0.000" /><testcase classname="tests.test_core" name="test_hamming_corrects_any_single_error_in_every_codeword" time="0.001" /><testcase classname="tests.test_core" name="test_awgn_noise_scaling_and_qpsk_theory_equality" time="0.015" /><testcase classname="tests.test_core" name="test_fading_mean_energy[rayleigh]" time="0.015" /><testcase classname="tests.test_core" name="test_fading_mean_energy[rician]" time="0.016" /><testcase classname="tests.test_core" name="test_wilson_zero_events_has_positive_upper_bound" time="0.000" /><testcase classname="tests.test_experiments" name="test_fixed_budget_agrees_with_exact_theory[2-awgn-0]" time="0.026" /><testcase classname="tests.test_experiments" name="test_fixed_budget_agrees_with_exact_theory[4-awgn-4]" time="0.018" /><testcase classname="tests.test_experiments" name="test_fixed_budget_agrees_with_exact_theory[2-rayleigh-4]" time="0.037" /><testcase classname="tests.test_experiments" name="test_repeatability_excluding_wall_clock" time="0.001" /><testcase classname="tests.test_experiments" name="test_complete_blocks_never_exceed_cap[none]" time="0.001" /><testcase classname="tests.test_experiments" name="test_complete_blocks_never_exceed_cap[repetition]" time="0.001" /><testcase classname="tests.test_experiments" name="test_complete_blocks_never_exceed_cap[hamming]" time="0.001" /><testcase classname="tests.test_experiments" name="test_invalid_config_fails_before_running" time="0.000" /><testcase classname="tests.test_experiments" name="test_cli_generates_real_artifacts" time="1.125" /><testcase classname="tests.test_legacy" name="test_original_source_preserved" time="0.000" /><testcase classname="tests.test_legacy" name="test_original_matlab_column_major_bit_roundtrip" time="0.001" /></testsuite></testsuites>